// Jest Snapshot v1, https://goo.gl/fbAQLP

exports[`<TextComponent /> should match snapshot 1`] = ` `;
