// Jest Snapshot v1, https://goo.gl/fbAQLP

exports[`<MenuLink /> should match with snapshot 1`] = ` `;
